Num weight bits = 18
learning rate = 0.5
initial_t = 0
power_t = 0.5
decay_learning_rate = 1
creating cache_file = train-sets/wsj_small.dparser.vw.gz.cache
Reading datafile = train-sets/wsj_small.dparser.vw.gz
num sources = 1
average    since      instance            current true      current predicted   cur   cur   predic    cache  examples          
loss       last        counter           output prefix          output prefix  pass   pol     made     hits    gener  beta    
88.000000  88.000000         1  [43:1 5:2 5:2 5:2 1..] [0:8 1:1 2:1 3:1 4:..]     0     0      144        0      144  0.014199
47.500000  7.000000          2  [2:2 3:5 0:8 3:7 3:4 ] [2:2 5:2 2:4 2:4 0:8 ]     0     0      157        0      156  0.015381
38.250000  29.000000         4  [4:2 4:2 4:2 7:5 6:..] [2:2 0:8 2:4 2:1 4:..]     0     0      248        0      246  0.024204
29.375000  20.500000         8  [4:2 4:2 4:2 5:5 0:..] [4:2 3:2 4:2 5:5 0:..]     1     0      551        0      543  0.052760
19.812500  10.250000        16  [43:1 5:2 5:2 5:2 1..] [30:1 5:2 5:2 5:2 1..]     3     0     1187        0     1134  0.107122

finished run
number of examples per pass = 5
passes used = 6
weighted example sum = 30
weighted label sum = 0
average loss = 10.5667
total feature number = 827640
